Archive member included because of file (symbol)

E:/Freescale/CW MCU v10.5/MCU/ARM_GCC_Support/ewl/lib/armv6-m\libc.a(exit.o)
                              ./Project_Settings/Startup_Code/__arm_start.o (exit)
E:/Freescale/CW MCU v10.5/MCU/ARM_GCC_Support/ewl/lib/armv6-m\libc.a(memset.o)
                              ./Project_Settings/Startup_Code/__arm_start.o (memset)
E:/Freescale/CW MCU v10.5/MCU/ARM_GCC_Support/ewl/lib/armv6-m\libc.a(printformat_.o)
                              (__pformatter_)
E:/Freescale/CW MCU v10.5/MCU/ARM_GCC_Support/ewl/lib/armv6-m\libc.a(scanformat_.o)
                              (__sformatter)
E:/Freescale/CW MCU v10.5/MCU/ARM_GCC_Support/ewl/lib/armv6-m\libc.a(ctype_aeabi.o)
                              E:/Freescale/CW MCU v10.5/MCU/ARM_GCC_Support/ewl/lib/armv6-m\libc.a(scanformat_.o) (isspace)
E:/Freescale/CW MCU v10.5/MCU/ARM_GCC_Support/ewl/lib/armv6-m\libc.a(__strtoul.o)
                              E:/Freescale/CW MCU v10.5/MCU/ARM_GCC_Support/ewl/lib/armv6-m\libc.a(scanformat_.o) (__strtoul)
E:/Freescale/CW MCU v10.5/MCU/ARM_GCC_Support/ewl/lib/armv6-m\libc.a(__filll_mem.o)
                              E:/Freescale/CW MCU v10.5/MCU/ARM_GCC_Support/ewl/lib/armv6-m\libc.a(memset.o) (__fill_mem)
E:/Freescale/CW MCU v10.5/MCU/ARM_GCC_Support/ewl/lib/armv6-m\libc.a(memchr.o)
                              E:/Freescale/CW MCU v10.5/MCU/ARM_GCC_Support/ewl/lib/armv6-m\libc.a(printformat_.o) (memchr)
E:/Freescale/CW MCU v10.5/MCU/ARM_GCC_Support/ewl/lib/armv6-m\libc.a(memcpy.o)
                              E:/Freescale/CW MCU v10.5/MCU/ARM_GCC_Support/ewl/lib/armv6-m\libc.a(scanformat_.o) (memcpy)
E:/Freescale/CW MCU v10.5/MCU/ARM_GCC_Support/ewl/lib/armv6-m\libc.a(strchr.o)
                              E:/Freescale/CW MCU v10.5/MCU/ARM_GCC_Support/ewl/lib/armv6-m\libc.a(printformat_.o) (strchr)
E:/Freescale/CW MCU v10.5/MCU/ARM_GCC_Support/ewl/lib/armv6-m\libc.a(strlen.o)
                              E:/Freescale/CW MCU v10.5/MCU/ARM_GCC_Support/ewl/lib/armv6-m\libc.a(printformat_.o) (strlen)
e:/freescale/cw mcu v10.5/cross_tools/arm-none-eabi-gcc-4_7_3/bin/../lib/gcc/arm-none-eabi/4.7.3/armv6-m\libgcc.a(_thumb1_case_sqi.o)
                              E:/Freescale/CW MCU v10.5/MCU/ARM_GCC_Support/ewl/lib/armv6-m\libc.a(__strtoul.o) (__gnu_thumb1_case_sqi)
e:/freescale/cw mcu v10.5/cross_tools/arm-none-eabi-gcc-4_7_3/bin/../lib/gcc/arm-none-eabi/4.7.3/armv6-m\libgcc.a(_thumb1_case_uqi.o)
                              E:/Freescale/CW MCU v10.5/MCU/ARM_GCC_Support/ewl/lib/armv6-m\libc.a(scanformat_.o) (__gnu_thumb1_case_uqi)
e:/freescale/cw mcu v10.5/cross_tools/arm-none-eabi-gcc-4_7_3/bin/../lib/gcc/arm-none-eabi/4.7.3/armv6-m\libgcc.a(_udivsi3.o)
                              E:/Freescale/CW MCU v10.5/MCU/ARM_GCC_Support/ewl/lib/armv6-m\libc.a(printformat_.o) (__aeabi_uidiv)
e:/freescale/cw mcu v10.5/cross_tools/arm-none-eabi-gcc-4_7_3/bin/../lib/gcc/arm-none-eabi/4.7.3/armv6-m\libgcc.a(_dvmd_tls.o)
                              e:/freescale/cw mcu v10.5/cross_tools/arm-none-eabi-gcc-4_7_3/bin/../lib/gcc/arm-none-eabi/4.7.3/armv6-m\libgcc.a(_udivsi3.o) (__aeabi_idiv0)
e:/freescale/cw mcu v10.5/cross_tools/arm-none-eabi-gcc-4_7_3/bin/../lib/gcc/arm-none-eabi/4.7.3/armv6-m\libgcc.a(_arm_cmpsf2.o)
                              ./Generated_Code/PwmLdd6.o (__aeabi_fcmpgt)
e:/freescale/cw mcu v10.5/cross_tools/arm-none-eabi-gcc-4_7_3/bin/../lib/gcc/arm-none-eabi/4.7.3/armv6-m\libgcc.a(_fixunssfsi.o)
                              ./Generated_Code/PwmLdd6.o (__aeabi_f2uiz)
e:/freescale/cw mcu v10.5/cross_tools/arm-none-eabi-gcc-4_7_3/bin/../lib/gcc/arm-none-eabi/4.7.3/armv6-m\libgcc.a(eqsf2.o)
                              e:/freescale/cw mcu v10.5/cross_tools/arm-none-eabi-gcc-4_7_3/bin/../lib/gcc/arm-none-eabi/4.7.3/armv6-m\libgcc.a(_arm_cmpsf2.o) (__eqsf2)
e:/freescale/cw mcu v10.5/cross_tools/arm-none-eabi-gcc-4_7_3/bin/../lib/gcc/arm-none-eabi/4.7.3/armv6-m\libgcc.a(gesf2.o)
                              e:/freescale/cw mcu v10.5/cross_tools/arm-none-eabi-gcc-4_7_3/bin/../lib/gcc/arm-none-eabi/4.7.3/armv6-m\libgcc.a(_arm_cmpsf2.o) (__gesf2)
e:/freescale/cw mcu v10.5/cross_tools/arm-none-eabi-gcc-4_7_3/bin/../lib/gcc/arm-none-eabi/4.7.3/armv6-m\libgcc.a(lesf2.o)
                              e:/freescale/cw mcu v10.5/cross_tools/arm-none-eabi-gcc-4_7_3/bin/../lib/gcc/arm-none-eabi/4.7.3/armv6-m\libgcc.a(_arm_cmpsf2.o) (__lesf2)
e:/freescale/cw mcu v10.5/cross_tools/arm-none-eabi-gcc-4_7_3/bin/../lib/gcc/arm-none-eabi/4.7.3/armv6-m\libgcc.a(mulsf3.o)
                              ./Generated_Code/PwmLdd6.o (__aeabi_fmul)
e:/freescale/cw mcu v10.5/cross_tools/arm-none-eabi-gcc-4_7_3/bin/../lib/gcc/arm-none-eabi/4.7.3/armv6-m\libgcc.a(subsf3.o)
                              e:/freescale/cw mcu v10.5/cross_tools/arm-none-eabi-gcc-4_7_3/bin/../lib/gcc/arm-none-eabi/4.7.3/armv6-m\libgcc.a(_fixunssfsi.o) (__aeabi_fsub)
[...]
Memory Configuration

Name             Origin             Length             Attributes
m_interrupts     0x00000000         0x000000c0         xr
m_text           0x00000410         0x0001fbf0         xr
m_data           0x1ffff000         0x00004000         rw
m_cfmprotrom     0x00000400         0x00000010         xr
*default*        0x00000000         0xffffffff

Linker script and memory map

LOAD ./Generated_Code/Vectors.o
LOAD ./Generated_Code/TU3.o
LOAD ./Generated_Code/TU2.o
LOAD ./Generated_Code/TU1.o
LOAD ./Generated_Code/Selector3.o
LOAD ./Generated_Code/Selector2.o
LOAD ./Generated_Code/Selector1.o
LOAD ./Generated_Code/RedLed.o
LOAD ./Generated_Code/PwmLdd6.o
LOAD ./Generated_Code/PwmLdd5.o
LOAD ./Generated_Code/PwmLdd4.o
LOAD ./Generated_Code/PwmLdd3.o
LOAD ./Generated_Code/PwmLdd2.o
LOAD ./Generated_Code/PwmLdd1.o
LOAD ./Generated_Code/PpgLdd1.o
LOAD ./Generated_Code/PE_LDD.o
LOAD ./Generated_Code/MainMotorDirection.o
LOAD ./Generated_Code/MainMotor.o
LOAD ./Generated_Code/Hand2.o
LOAD ./Generated_Code/Hand1.o
LOAD ./Generated_Code/Hand0.o
LOAD ./Generated_Code/Cpu.o
LOAD ./Generated_Code/Controller.o
LOAD ./Generated_Code/BitIoLdd2.o
LOAD ./Generated_Code/BitIoLdd1.o
LOAD ./Generated_Code/ASerialLdd1.o
LOAD ./Project_Settings/Startup_Code/__arm_start.o
LOAD ./Project_Settings/Startup_Code/__arm_end.o
LOAD ./Sources/sa_mtb.o
LOAD ./Sources/ProcessorExpert.o
LOAD ./Sources/Events.o
                0x000028bc                __pformatter = __pformatter_
                [0x00002ce4]                __sformatter = __sformatter
START GROUP
LOAD E:/Freescale/CW MCU v10.5/MCU/ARM_GCC_Support/ewl/lib/armv6-m\libc.a
LOAD E:/Freescale/CW MCU v10.5/MCU/ARM_GCC_Support/ewl/lib/armv6-m\libm.a
LOAD e:/freescale/cw mcu v10.5/cross_tools/arm-none-eabi-gcc-4_7_3/bin/../lib/gcc/arm-none-eabi/4.7.3/armv6-m\libgcc.a
LOAD E:/Freescale/CW MCU v10.5/MCU/ARM_GCC_Support/ewl/lib/armv6-m\librt.a
LOAD E:/Freescale/CW MCU v10.5/MCU/ARM_GCC_Support/ewl/lib/armv6-m\libuart.a
END GROUP
                0x20003000                _estack = 0x20003000
                0x20003000                __SP_INIT = _estack
                0x00000000                __heap_size = 0x0
                0x00000400                __stack_size = 0x400

.interrupts     0x00000000       0xc0
                0x00000000                __vector_table = .
                0x00000000                . = ALIGN (0x4)
 *(.vectortable)
 .vectortable   0x00000000       0xc0 ./Generated_Code/Vectors.o
                0x00000000                __vect_table
                0x000000c0                . = ALIGN (0x4)

.cfmprotect     0x00000400       0x10
                0x00000400                . = ALIGN (0x4)
 *(.cfmconfig)
 .cfmconfig     0x00000400       0x10 ./Generated_Code/Cpu.o
                0x00000400                _cfm
                0x00000410                . = ALIGN (0x4)

.text           0x00000410     0x3560
                0x00000410                . = ALIGN (0x4)
 *(.text)
 .text          0x00000410       0x14 e:/freescale/cw mcu v10.5/cross_tools/arm-none-eabi-gcc-4_7_3/bin/../lib/gcc/arm-none-eabi/4.7.3/armv6-m\libgcc.a(_thumb1_case_sqi.o)
                0x00000410                __gnu_thumb1_case_sqi
 .text          0x00000424       0x14 e:/freescale/cw mcu v10.5/cross_tools/arm-none-eabi-gcc-4_7_3/bin/../lib/gcc/arm-none-eabi/4.7.3/armv6-m\libgcc.a(_thumb1_case_uqi.o)
                0x00000424                __gnu_thumb1_case_uqi
 .text          0x00000438       0x9c e:/freescale/cw mcu v10.5/cross_tools/arm-none-eabi-gcc-4_7_3/bin/../lib/gcc/arm-none-eabi/4.7.3/armv6-m\libgcc.a(_udivsi3.o)
                0x00000438                __aeabi_uidiv
                0x00000438                __udivsi3
                0x000004c0                __aeabi_uidivmod
 .text          0x000004d4        0x4 e:/freescale/cw mcu v10.5/cross_tools/arm-none-eabi-gcc-4_7_3/bin/../lib/gcc/arm-none-eabi/4.7.3/armv6-m\libgcc.a(_dvmd_tls.o)
                0x000004d4                __aeabi_idiv0
                0x000004d4                __aeabi_ldiv0
 .text          0x000004d8       0x74 e:/freescale/cw mcu v10.5/cross_tools/arm-none-eabi-gcc-4_7_3/bin/../lib/gcc/arm-none-eabi/4.7.3/armv6-m\libgcc.a(_arm_cmpsf2.o)
                0x000004d8                __aeabi_cfrcmple
                0x000004e0                __aeabi_cfcmpeq
                0x000004e0                __aeabi_cfcmple
                0x000004f0                __aeabi_fcmpeq
                0x000004fc                __aeabi_fcmplt
                0x00000510                __aeabi_fcmple
                0x00000524                __aeabi_fcmpgt
                0x00000538                __aeabi_fcmpge
 .text          0x0000054c       0x30 e:/freescale/cw mcu v10.5/cross_tools/arm-none-eabi-gcc-4_7_3/bin/../lib/gcc/arm-none-eabi/4.7.3/armv6-m\libgcc.a(_fixunssfsi.o)
                0x0000054c                __fixunssfsi
                0x0000054c                __aeabi_f2uiz
 .text          0x0000057c       0x50 e:/freescale/cw mcu v10.5/cross_tools/arm-none-eabi-gcc-4_7_3/bin/../lib/gcc/arm-none-eabi/4.7.3/armv6-m\libgcc.a(eqsf2.o)
                0x0000057c                __eqsf2
                0x0000057c                __nesf2
 .text          0x000005cc       0x90 e:/freescale/cw mcu v10.5/cross_tools/arm-none-eabi-gcc-4_7_3/bin/../lib/gcc/arm-none-eabi/4.7.3/armv6-m\libgcc.a(gesf2.o)
                0x000005cc                __gesf2
                0x000005cc                __gtsf2
 .text          0x0000065c       0x90 e:/freescale/cw mcu v10.5/cross_tools/arm-none-eabi-gcc-4_7_3/bin/../lib/gcc/arm-none-eabi/4.7.3/armv6-m\libgcc.a(lesf2.o)
                0x0000065c                __ltsf2
                0x0000065c                __lesf2
 .text          0x000006ec      0x260 e:/freescale/cw mcu v10.5/cross_tools/arm-none-eabi-gcc-4_7_3/bin/../lib/gcc/arm-none-eabi/4.7.3/armv6-m\libgcc.a(mulsf3.o)
                0x000006ec                __aeabi_fmul
 .text          0x0000094c      0x3ac e:/freescale/cw mcu v10.5/cross_tools/arm-none-eabi-gcc-4_7_3/bin/../lib/gcc/arm-none-eabi/4.7.3/armv6-m\libgcc.a(subsf3.o)
                0x0000094c                __aeabi_fsub
 .text          0x00000cf8       0x40 e:/freescale/cw mcu v10.5/cross_tools/arm-none-eabi-gcc-4_7_3/bin/../lib/gcc/arm-none-eabi/4.7.3/armv6-m\libgcc.a(fixsfsi.o)
                0x00000cf8                __aeabi_f2iz
 .text          0x00000d38       0xa8 e:/freescale/cw mcu v10.5/cross_tools/arm-none-eabi-gcc-4_7_3/bin/../lib/gcc/arm-none-eabi/4.7.3/armv6-m\libgcc.a(floatsisf.o)
                0x00000d38                __aeabi_i2f
 .text          0x00000de0       0x3c e:/freescale/cw mcu v10.5/cross_tools/arm-none-eabi-gcc-4_7_3/bin/../lib/gcc/arm-none-eabi/4.7.3/armv6-m\libgcc.a(_clzsi2.o)
                0x00000de0                __clzsi2
 *(.text*)
 .text.TU2_Init
                0x00000e1c      0x154 ./Generated_Code/TU2.o
                0x00000e1c                TU2_Init
 .text.TU2_GetPeriodTicks
                0x00000f70       0x3c ./Generated_Code/TU2.o
                0x00000f70                TU2_GetPeriodTicks
 .text.TU2_SetOffsetTicks
                0x00000fac       0x58 ./Generated_Code/TU2.o
                0x00000fac                TU2_SetOffsetTicks
 .text.TU1_Init
                0x00001004       0xc0 ./Generated_Code/TU1.o
                0x00001004                TU1_Init
 .text.TU1_GetPeriodTicks
                0x000010c4       0x3c ./Generated_Code/TU1.o
                0x000010c4                TU1_GetPeriodTicks
 .text.TU1_SetOffsetTicks
                0x00001100       0x58 ./Generated_Code/TU1.o
                0x00001100                TU1_SetOffsetTicks
 .text.PwmLdd6_Init
                0x00001158       0x54 ./Generated_Code/PwmLdd6.o
                0x00001158                PwmLdd6_Init
 .text.PwmLdd6_SetDutyUS
                0x000011ac       0x7c ./Generated_Code/PwmLdd6.o
                0x000011ac                PwmLdd6_SetDutyUS
 .text.SetRatio
                0x00001228       0x68 ./Generated_Code/PwmLdd6.o
 .text.PwmLdd5_Init
                0x00001290       0x54 ./Generated_Code/PwmLdd5.o
                0x00001290                PwmLdd5_Init
 .text.PwmLdd5_SetDutyUS
                0x000012e4       0x7c ./Generated_Code/PwmLdd5.o
                0x000012e4                PwmLdd5_SetDutyUS
 .text.SetRatio
                0x00001360       0x68 ./Generated_Code/PwmLdd5.o
 .text.PwmLdd4_Init
                0x000013c8       0x54 ./Generated_Code/PwmLdd4.o
                0x000013c8                PwmLdd4_Init
 .text.PwmLdd4_SetDutyUS
                0x0000141c       0x7c ./Generated_Code/PwmLdd4.o
                0x0000141c                PwmLdd4_SetDutyUS
 .text.SetRatio
                0x00001498       0x68 ./Generated_Code/PwmLdd4.o
 .text.PwmLdd3_Init
                0x00001500       0x54 ./Generated_Code/PwmLdd3.o
                0x00001500                PwmLdd3_Init
 .text.PwmLdd3_SetDutyUS
                0x00001554       0x7c ./Generated_Code/PwmLdd3.o
                0x00001554                PwmLdd3_SetDutyUS
 .text.SetRatio
                0x000015d0       0x68 ./Generated_Code/PwmLdd3.o
 .text.PwmLdd2_Init
                0x00001638       0x54 ./Generated_Code/PwmLdd2.o
                0x00001638                PwmLdd2_Init
 .text.PwmLdd2_SetDutyUS
                0x0000168c       0x7c ./Generated_Code/PwmLdd2.o
                0x0000168c                PwmLdd2_SetDutyUS
 .text.SetRatio
                0x00001708       0x68 ./Generated_Code/PwmLdd2.o
 .text.PwmLdd1_Init
                0x00001770       0x54 ./Generated_Code/PwmLdd1.o
                0x00001770                PwmLdd1_Init
 .text.PwmLdd1_SetDutyUS
                0x000017c4       0x7c ./Generated_Code/PwmLdd1.o
                0x000017c4                PwmLdd1_SetDutyUS
 .text.SetRatio
                0x00001840       0x68 ./Generated_Code/PwmLdd1.o
 .text.PpgLdd1_Init
                0x000018a8       0xa4 ./Generated_Code/PpgLdd1.o
                0x000018a8                PpgLdd1_Init
 .text.PpgLdd1_SetDutyUS
                0x0000194c       0x7c ./Generated_Code/PpgLdd1.o
                0x0000194c                PpgLdd1_SetDutyUS
 .text.SetRatio
                0x000019c8       0x50 ./Generated_Code/PpgLdd1.o
 .text.MainMotor_SetDutyUS
                0x00001a18       0x48 ./Generated_Code/MainMotor.o
                0x00001a18                MainMotor_SetDutyUS
 .text.Cpu_INT_NMIInterrupt
                0x00001a60        0xc ./Generated_Code/Cpu.o
                0x00001a60                Cpu_INT_NMIInterrupt
 .text.Cpu_Interrupt
                0x00001a6c        0xc ./Generated_Code/Cpu.o
                0x00001a6c                Cpu_Interrupt
 .text.__init_hardware
                0x00001a78      0x184 ./Generated_Code/Cpu.o
                0x00001a78                __init_hardware
 .text.PE_low_level_init
                0x00001bfc      0x104 ./Generated_Code/Cpu.o
                0x00001bfc                PE_low_level_init
 .text.HWEnDi   0x00001d00       0x20 ./Generated_Code/Controller.o
 .text.Controller_RecvChar
                0x00001d20       0x8c ./Generated_Code/Controller.o
                0x00001d20                Controller_RecvChar
 .text.Controller_SendChar
                0x00001dac       0x68 ./Generated_Code/Controller.o
                0x00001dac                Controller_SendChar
 .text.Controller_Init
                0x00001e14       0x28 ./Generated_Code/Controller.o
                0x00001e14                Controller_Init
 .text.ASerialLdd1_OnBreak
                0x00001e3c       0x20 ./Generated_Code/Controller.o
                0x00001e3c                ASerialLdd1_OnBreak
 .text.BitIoLdd2_Init
                0x00001e5c       0x68 ./Generated_Code/BitIoLdd2.o
                0x00001e5c                BitIoLdd2_Init
 .text.BitIoLdd2_NegVal
                0x00001ec4       0x1c ./Generated_Code/BitIoLdd2.o
                0x00001ec4                BitIoLdd2_NegVal
 .text.BitIoLdd1_Init
                0x00001ee0       0x60 ./Generated_Code/BitIoLdd1.o
                0x00001ee0                BitIoLdd1_Init
 .text.ASerialLdd1_Init
                0x00001f40      0x114 ./Generated_Code/ASerialLdd1.o
                0x00001f40                ASerialLdd1_Init
 .text.ASerialLdd1_ReceiveBlock
                0x00002054       0x48 ./Generated_Code/ASerialLdd1.o
                0x00002054                ASerialLdd1_ReceiveBlock
 .text.ASerialLdd1_SendBlock
                0x0000209c       0x58 ./Generated_Code/ASerialLdd1.o
                0x0000209c                ASerialLdd1_SendBlock
 .text.ASerialLdd1_GetReceivedDataNum
                0x000020f4       0x18 ./Generated_Code/ASerialLdd1.o
                0x000020f4                ASerialLdd1_GetReceivedDataNum
 .text.InterruptRx
                0x0000210c       0x50 ./Generated_Code/ASerialLdd1.o
 .text.InterruptTx
                0x0000215c       0x5c ./Generated_Code/ASerialLdd1.o
 .text.ASerialLdd1_Main
                0x000021b8       0xe4 ./Generated_Code/ASerialLdd1.o
                0x000021b8                ASerialLdd1_Main
 .text.ASerialLdd1_GetError
                0x0000229c       0x28 ./Generated_Code/ASerialLdd1.o
                0x0000229c                ASerialLdd1_GetError
 .text.zero_fill_bss
                0x000022c4       0x24 ./Project_Settings/Startup_Code/__arm_start.o
 .text.__thumb_startup
                0x000022e8       0x30 ./Project_Settings/Startup_Code/__arm_start.o
                0x000022e8                __thumb_startup
 .text._ExitProcess
                0x00002318        0xc ./Project_Settings/Startup_Code/__arm_end.o
                0x00002318                _ExitProcess
 .text.Selector1To1
                0x00002324       0x1c ./Sources/ProcessorExpert.o
                0x00002324                Selector1To1
 .text.Selector1To2
                0x00002340       0x1c ./Sources/ProcessorExpert.o
                0x00002340                Selector1To2
 .text.Selector2To1
                0x0000235c       0x1c ./Sources/ProcessorExpert.o
                0x0000235c                Selector2To1
 .text.Selector2To2
                0x00002378       0x1c ./Sources/ProcessorExpert.o
                0x00002378                Selector2To2
 .text.Selector3To1
                0x00002394       0x1c ./Sources/ProcessorExpert.o
                0x00002394                Selector3To1
 .text.Selector3To2
                0x000023b0       0x1c ./Sources/ProcessorExpert.o
                0x000023b0                Selector3To2
 .text.HandGo   0x000023cc       0x3c ./Sources/ProcessorExpert.o
                0x000023cc                HandGo
 .text.HandOpen
                0x00002408       0x30 ./Sources/ProcessorExpert.o
                0x00002408                HandOpen
 .text.HandClose
                0x00002438       0x30 ./Sources/ProcessorExpert.o
                0x00002438                HandClose
 .text.ClearASBuffer
                0x00002468       0x34 ./Sources/ProcessorExpert.o
                0x00002468                ClearASBuffer
 .text.SelectorControl
                0x0000249c       0xb4 ./Sources/ProcessorExpert.o
                0x0000249c                SelectorControl
 .text.SendOK   0x00002550       0x14 ./Sources/ProcessorExpert.o
                0x00002550                SendOK
 .text.SendPosition
                0x00002564        0x8 ./Sources/ProcessorExpert.o
                0x00002564                SendPosition
 .text.main     0x0000256c      0x168 ./Sources/ProcessorExpert.o
                0x0000256c                main
 .text.Cpu_OnNMIINT
                0x000026d4        0x8 ./Sources/Events.o
                0x000026d4                Cpu_OnNMIINT
 .text.exit     0x000026dc       0x38 E:/Freescale/CW MCU v10.5/MCU/ARM_GCC_Support/ewl/lib/armv6-m\libc.a(exit.o)
                0x000026dc                exit
 .text.memset   0x00002714        0xc E:/Freescale/CW MCU v10.5/MCU/ARM_GCC_Support/ewl/lib/armv6-m\libc.a(memset.o)
                0x00002714                memset
 .text.long2str.isra.0
                0x00002720      0x19c E:/Freescale/CW MCU v10.5/MCU/ARM_GCC_Support/ewl/lib/armv6-m\libc.a(printformat_.o)
 .text.__pformatter_
                0x000028bc      0x428 E:/Freescale/CW MCU v10.5/MCU/ARM_GCC_Support/ewl/lib/armv6-m\libc.a(printformat_.o)
                0x000028bc                __pformatter_
 .text.__sformatter
                0x00002ce4      0x698 E:/Freescale/CW MCU v10.5/MCU/ARM_GCC_Support/ewl/lib/armv6-m\libc.a(scanformat_.o)
                0x00002ce4                __sformatter
 .text.isalpha  0x0000337c       0x20 E:/Freescale/CW MCU v10.5/MCU/ARM_GCC_Support/ewl/lib/armv6-m\libc.a(ctype_aeabi.o)
                0x0000337c                isalpha
 .text.isspace  0x0000339c       0x20 E:/Freescale/CW MCU v10.5/MCU/ARM_GCC_Support/ewl/lib/armv6-m\libc.a(ctype_aeabi.o)
                0x0000339c                isspace
 .text.toupper  0x000033bc        0xe E:/Freescale/CW MCU v10.5/MCU/ARM_GCC_Support/ewl/lib/armv6-m\libc.a(ctype_aeabi.o)
                0x000033bc                toupper
 .text.__strtoul
                0x000033ca      0x1ce E:/Freescale/CW MCU v10.5/MCU/ARM_GCC_Support/ewl/lib/armv6-m\libc.a(__strtoul.o)
                0x000033ca                __strtoul
 .text.__fill_mem
                0x00003598       0x7e E:/Freescale/CW MCU v10.5/MCU/ARM_GCC_Support/ewl/lib/armv6-m\libc.a(__filll_mem.o)
                0x00003598                __fill_mem
 .text.memchr   0x00003616       0x1a E:/Freescale/CW MCU v10.5/MCU/ARM_GCC_Support/ewl/lib/armv6-m\libc.a(memchr.o)
                0x00003616                memchr
 .text.memcpy   0x00003630       0x12 E:/Freescale/CW MCU v10.5/MCU/ARM_GCC_Support/ewl/lib/armv6-m\libc.a(memcpy.o)
                0x00003630                memcpy
 .text.strchr   0x00003642       0x1e E:/Freescale/CW MCU v10.5/MCU/ARM_GCC_Support/ewl/lib/armv6-m\libc.a(strchr.o)
                0x00003642                strchr
 .text.strlen   0x00003660       0x10 E:/Freescale/CW MCU v10.5/MCU/ARM_GCC_Support/ewl/lib/armv6-m\libc.a(strlen.o)
                0x00003660                strlen
 .text.__init_cpp
                0x00003670       0x48 E:/Freescale/CW MCU v10.5/MCU/ARM_GCC_Support/ewl/lib/armv6-m\librt.a(gcc_ctor_dtor.o)
                0x00003670                __init_cpp
 .text.__fini_cpp
                0x000036b8       0x34 E:/Freescale/CW MCU v10.5/MCU/ARM_GCC_Support/ewl/lib/armv6-m\librt.a(gcc_ctor_dtor.o)
                0x000036b8                __fini_cpp
 .text.__copy_rom_section
                0x000036ec       0x48 E:/Freescale/CW MCU v10.5/MCU/ARM_GCC_Support/ewl/lib/armv6-m\librt.a(ROMCopy.o)
                0x000036ec                __copy_rom_section
 .text.__copy_rom_sections_to_ram
                0x00003734       0x34 E:/Freescale/CW MCU v10.5/MCU/ARM_GCC_Support/ewl/lib/armv6-m\librt.a(ROMCopy.o)
                0x00003734                __copy_rom_sections_to_ram
 .text.__destroy_global_chain
                0x00003768       0x1c E:/Freescale/CW MCU v10.5/MCU/ARM_GCC_Support/ewl/lib/armv6-m\librt.a(__arm_eabi_init.o)
                0x00003768                __destroy_global_chain
 .text.__init_registers
                0x00003784       0x1c E:/Freescale/CW MCU v10.5/MCU/ARM_GCC_Support/ewl/lib/armv6-m\librt.a(__arm_eabi_init.o)
                0x00003784                __init_registers
 .text.__init_user
                0x000037a0        0x4 E:/Freescale/CW MCU v10.5/MCU/ARM_GCC_Support/ewl/lib/armv6-m\librt.a(__arm_eabi_init.o)
                0x000037a0                __init_user
 *(.rodata)
 .rodata        0x000037a4       0x40 e:/freescale/cw mcu v10.5/cross_tools/arm-none-eabi-gcc-4_7_3/bin/../lib/gcc/arm-none-eabi/4.7.3/armv6-m\libgcc.a(mulsf3.o)
 *(.rodata*)
 .rodata.ChannelDevice
                0x000037e4        0x8 ./Generated_Code/TU2.o
 .rodata.ChannelMode
                0x000037ec        0x8 ./Generated_Code/TU2.o
 .rodata.ChannelDevice
                0x000037f4        0x4 ./Generated_Code/TU1.o
 .rodata.ChannelMode
                0x000037f8        0x4 ./Generated_Code/TU1.o
 .rodata.main   0x000037fc       0x68 ./Sources/ProcessorExpert.o
 .rodata.str1.1
                0x00003864        0x1 E:/Freescale/CW MCU v10.5/MCU/ARM_GCC_Support/ewl/lib/armv6-m\libc.a(printformat_.o)
 .rodata.CSWTCH.20
                0x00003865        0x5 E:/Freescale/CW MCU v10.5/MCU/ARM_GCC_Support/ewl/lib/armv6-m\libc.a(printformat_.o)
 .rodata.CSWTCH.21
                0x0000386a        0x5 E:/Freescale/CW MCU v10.5/MCU/ARM_GCC_Support/ewl/lib/armv6-m\libc.a(printformat_.o)
 .rodata.__aeabi_ctype_table_C
                0x0000386f      0x101 E:/Freescale/CW MCU v10.5/MCU/ARM_GCC_Support/ewl/lib/armv6-m\libc.a(ctype_aeabi.o)
                0x0000386f                __aeabi_ctype_table_C
 *(.glue_7)
 .glue_7        0x00000000        0x0 linker stubs
 *(.glue_7t)
 .glue_7t       0x00000000        0x0 linker stubs
 *(.eh_frame)
 *(.init)
 *(.fini)
                0x00003970                . = ALIGN (0x4)
                0x00003970                _etext = .

.vfp11_veneer   0x00003970        0x0
 .vfp11_veneer  0x00000000        0x0 linker stubs

.v4_bx          0x00003970        0x0
 .v4_bx         0x00000000        0x0 linker stubs

.iplt           0x00003970        0x0
 .iplt          0x00000000        0x0 ./Generated_Code/Vectors.o

.rel.dyn        0x00003970        0x0
 .rel.iplt      0x00000000        0x0 ./Generated_Code/Vectors.o

.ARM.extab
 *(.ARM.extab* .gnu.linkonce.armextab.*)

.ARM            0x00003970        0x0
                0x00003970                __exidx_start = .
 *(.ARM.exidx*)
                0x00003970                __exidx_end = .

.ctors          0x00003970        0x0
                0x00003970                __CTOR_LIST__ = .
 *crtbegin.o(.ctors)
 *(EXCLUDE_FILE(*crtend.o) .ctors)
 *(SORT(.ctors.*))
 *(.ctors)
                0x00003970                __CTOR_END__ = .

.dtors          0x00003970        0x0
                0x00003970                __DTOR_LIST__ = .
 *crtbegin.o(.dtors)
 *(EXCLUDE_FILE(*crtend.o) .dtors)
 *(SORT(.dtors.*))
 *(.dtors)
                0x00003970                __DTOR_END__ = .

.preinit_array  0x00003970        0x0
                0x00003970                PROVIDE (__preinit_array_start, .)
 *(.preinit_array*)
                0x00003970                PROVIDE (__preinit_array_end, .)

.init_array     0x00003970        0x0
                0x00003970                PROVIDE (__init_array_start, .)
 *(SORT(.init_array.*))
 *(.init_array*)
                0x00003970                PROVIDE (__init_array_end, .)

.fini_array     0x00003970        0x0
                0x00003970                PROVIDE (__fini_array_start, .)
 *(SORT(.fini_array.*))
 *(.fini_array*)
                0x00003970                PROVIDE (__fini_array_end, .)
                0x00003970                ___ROM_AT = .

.mtb            0x1ffff000        0x0
                0x1ffff000                . = ALIGN (0x8)
                0x1ffff000                _mtb_start = .
 *(.mtb_buf)
                0x1ffff000                . = ALIGN (0x8)
                0x1ffff000                _mtb_end = .

.data           0x1ffff000        0x0 load address 0x00003970
                0x1ffff000                . = ALIGN (0x4)
                0x1ffff000                _sdata = .
 *(.data)
 *(.data*)
                0x1ffff000                . = ALIGN (0x4)
                0x1ffff000                _edata = .
                0x00000000                ___data_size = (_edata - _sdata)

.igot.plt       0x1ffff000        0x0
 .igot.plt      0x00000000        0x0 ./Generated_Code/Vectors.o
                0x1ffff000                . = ALIGN (0x4)

.bss            0x1ffff000       0xf0
                0x1ffff000                __START_BSS = .
                0x1ffff000                PROVIDE (__bss_start__, __START_BSS)
 *(.bss)
 *(.bss*)
 .bss.DeviceDataPrv__DEFAULT_RTOS_ALLOC
                0x1ffff000        0x8 ./Generated_Code/TU2.o
 .bss.DeviceDataPrv__DEFAULT_RTOS_ALLOC
                0x1ffff008        0x8 ./Generated_Code/TU1.o
 .bss.DeviceDataPrv__DEFAULT_RTOS_ALLOC
                0x1ffff010        0xc ./Generated_Code/PwmLdd6.o
 .bss.DeviceDataPrv__DEFAULT_RTOS_ALLOC
                0x1ffff01c        0xc ./Generated_Code/PwmLdd5.o
 .bss.DeviceDataPrv__DEFAULT_RTOS_ALLOC
                0x1ffff028        0xc ./Generated_Code/PwmLdd4.o
 .bss.DeviceDataPrv__DEFAULT_RTOS_ALLOC
                0x1ffff034        0xc ./Generated_Code/PwmLdd3.o
 .bss.DeviceDataPrv__DEFAULT_RTOS_ALLOC
                0x1ffff040        0xc ./Generated_Code/PwmLdd2.o
 .bss.DeviceDataPrv__DEFAULT_RTOS_ALLOC
                0x1ffff04c        0xc ./Generated_Code/PwmLdd1.o
 .bss.DeviceDataPrv__DEFAULT_RTOS_ALLOC
                0x1ffff058        0x8 ./Generated_Code/PpgLdd1.o
 .bss.PE_LDD_DeviceDataList
                0x1ffff060       0x34 ./Generated_Code/PE_LDD.o
                0x1ffff060                PE_LDD_DeviceDataList
 .bss.SerFlag   0x1ffff094        0x2 ./Generated_Code/Controller.o
 .bss.BufferRead
                0x1ffff096        0x1 ./Generated_Code/Controller.o
 .bss.OutBuffer
                0x1ffff097        0x1 ./Generated_Code/Controller.o
 .bss.DeviceDataPrv__DEFAULT_RTOS_ALLOC
                0x1ffff098        0x4 ./Generated_Code/BitIoLdd2.o
 .bss.DeviceDataPrv__DEFAULT_RTOS_ALLOC
                0x1ffff09c        0x4 ./Generated_Code/BitIoLdd1.o
 .bss.DeviceDataPrv__DEFAULT_RTOS_ALLOC
                0x1ffff0a0       0x20 ./Generated_Code/ASerialLdd1.o
 .bss.argv      0x1ffff0c0        0x4 ./Project_Settings/Startup_Code/__arm_start.o
 .bss.__stdio_exit
                0x1ffff0c4        0x4 E:/Freescale/CW MCU v10.5/MCU/ARM_GCC_Support/ewl/lib/armv6-m\libc.a(exit.o)
                0x1ffff0c4                __stdio_exit
 .bss.__console_exit
                0x1ffff0c8        0x4 E:/Freescale/CW MCU v10.5/MCU/ARM_GCC_Support/ewl/lib/armv6-m\libc.a(exit.o)
                0x1ffff0c8                __console_exit
 .bss.__S_romp  0x1ffff0cc        0xc E:/Freescale/CW MCU v10.5/MCU/ARM_GCC_Support/ewl/lib/armv6-m\librt.a(ROMCopy.o)
 .bss.__global_destructor_chain
                0x1ffff0d8        0x4 E:/Freescale/CW MCU v10.5/MCU/ARM_GCC_Support/ewl/lib/armv6-m\librt.a(__arm_eabi_init.o)
                0x1ffff0d8                __global_destructor_chain
 *(COMMON)
 COMMON         0x1ffff0dc        0x4 ./Generated_Code/Controller.o
                0x1ffff0dc                ASerialLdd1_DeviceDataPtr
 COMMON         0x1ffff0e0        0xd ./Sources/ProcessorExpert.o
                0x1ffff0e0                Speed
                0x1ffff0e2                TempNum2
                0x1ffff0e4                HandPosition
                0x1ffff0e6                TempNum1
                0x1ffff0e8                ASBuffer
                0x1ffff0f0                . = ALIGN (0x4)
 *fill*         0x1ffff0ed        0x3 00
                0x1ffff0f0                __END_BSS = .
                0x1ffff0f0                PROVIDE (__bss_end__, __END_BSS)
                0x00003970                _romp_at = (___ROM_AT + SIZEOF (.data))

.romp           0x1ffff0f0       0x18 load address 0x00003970
                0x00003970                __S_romp = _romp_at
                0x1ffff0f0        0x4 LONG 0x3970 ___ROM_AT
                0x1ffff0f4        0x4 LONG 0x1ffff000 _sdata
                0x1ffff0f8        0x4 LONG 0x0 ___data_size
                0x1ffff0fc        0x4 LONG 0x0
                0x1ffff100        0x4 LONG 0x0
                0x1ffff104        0x4 LONG 0x0

._user_heap_stack
                0x1ffff108      0x400 load address 0x00003988
                0x1ffff108                . = ALIGN (0x4)
                0x1ffff108                PROVIDE (end, .)
                0x1ffff108                PROVIDE (_end, .)
                0x1ffff108                __heap_addr = .
                0x1ffff108                . = (. + __heap_size)
                0x1ffff508                . = (. + __stack_size)
 *fill*         0x1ffff108      0x400 00
                0x1ffff508                . = ALIGN (0x4)

.ARM.attributes
                0x00000000       0x31
 *(.ARM.attributes)
 .ARM.attributes
                0x00000000       0x31 ./Generated_Code/Vectors.o
 .ARM.attributes
                0x00000031       0x31 ./Generated_Code/TU2.o
 .ARM.attributes
                0x00000062       0x31 ./Generated_Code/TU1.o
 .ARM.attributes
                0x00000093       0x31 ./Generated_Code/PwmLdd6.o
 .ARM.attributes
                0x000000c4       0x31 ./Generated_Code/PwmLdd5.o
 .ARM.attributes
                0x000000f5       0x31 ./Generated_Code/PwmLdd4.o
 .ARM.attributes
                0x00000126       0x31 ./Generated_Code/PwmLdd3.o
 .ARM.attributes
                0x00000157       0x31 ./Generated_Code/PwmLdd2.o
 .ARM.attributes
                0x00000188       0x31 ./Generated_Code/PwmLdd1.o
 .ARM.attributes
                0x000001b9       0x31 ./Generated_Code/PpgLdd1.o
 .ARM.attributes
                0x000001ea       0x31 ./Generated_Code/PE_LDD.o
 .ARM.attributes
                0x0000021b       0x31 ./Generated_Code/MainMotor.o
 .ARM.attributes
                0x0000024c       0x31 ./Generated_Code/Cpu.o
 .ARM.attributes
                0x0000027d       0x31 ./Generated_Code/Controller.o
 .ARM.attributes
                0x000002ae       0x31 ./Generated_Code/BitIoLdd2.o
 .ARM.attributes
                0x000002df       0x31 ./Generated_Code/BitIoLdd1.o
 .ARM.attributes
                0x00000310       0x31 ./Generated_Code/ASerialLdd1.o
 .ARM.attributes
                0x00000341       0x31 ./Project_Settings/Startup_Code/__arm_start.o
 .ARM.attributes
                0x00000372       0x31 ./Project_Settings/Startup_Code/__arm_end.o
 .ARM.attributes
                0x000003a3       0x31 ./Sources/ProcessorExpert.o
 .ARM.attributes
                0x000003d4       0x31 ./Sources/Events.o
 .ARM.attributes
                0x00000405       0x31 E:/Freescale/CW MCU v10.5/MCU/ARM_GCC_Support/ewl/lib/armv6-m\libc.a(exit.o)
 .ARM.attributes
                0x00000436       0x31 E:/Freescale/CW MCU v10.5/MCU/ARM_GCC_Support/ewl/lib/armv6-m\libc.a(memset.o)
 .ARM.attributes
                0x00000467       0x31 E:/Freescale/CW MCU v10.5/MCU/ARM_GCC_Support/ewl/lib/armv6-m\libc.a(printformat_.o)
 .ARM.attributes
                0x00000498       0x31 E:/Freescale/CW MCU v10.5/MCU/ARM_GCC_Support/ewl/lib/armv6-m\libc.a(scanformat_.o)
 .ARM.attributes
                0x000004c9       0x31 E:/Freescale/CW MCU v10.5/MCU/ARM_GCC_Support/ewl/lib/armv6-m\libc.a(ctype_aeabi.o)
 .ARM.attributes
                0x000004fa       0x31 E:/Freescale/CW MCU v10.5/MCU/ARM_GCC_Support/ewl/lib/armv6-m\libc.a(__strtoul.o)
 .ARM.attributes
                0x0000052b       0x31 E:/Freescale/CW MCU v10.5/MCU/ARM_GCC_Support/ewl/lib/armv6-m\libc.a(__filll_mem.o)
 .ARM.attributes
                0x0000055c       0x31 E:/Freescale/CW MCU v10.5/MCU/ARM_GCC_Support/ewl/lib/armv6-m\libc.a(memchr.o)
 .ARM.attributes
                0x0000058d       0x31 E:/Freescale/CW MCU v10.5/MCU/ARM_GCC_Support/ewl/lib/armv6-m\libc.a(memcpy.o)
 .ARM.attributes
                0x000005be       0x31 E:/Freescale/CW MCU v10.5/MCU/ARM_GCC_Support/ewl/lib/armv6-m\libc.a(strchr.o)
 .ARM.attributes
                0x000005ef       0x31 E:/Freescale/CW MCU v10.5/MCU/ARM_GCC_Support/ewl/lib/armv6-m\libc.a(strlen.o)
 .ARM.attributes
                0x00000620       0x1e e:/freescale/cw mcu v10.5/cross_tools/arm-none-eabi-gcc-4_7_3/bin/../lib/gcc/arm-none-eabi/4.7.3/armv6-m\libgcc.a(_thumb1_case_sqi.o)
 .ARM.attributes
                0x0000063e       0x1e e:/freescale/cw mcu v10.5/cross_tools/arm-none-eabi-gcc-4_7_3/bin/../lib/gcc/arm-none-eabi/4.7.3/armv6-m\libgcc.a(_thumb1_case_uqi.o)
 .ARM.attributes
                0x0000065c       0x1e e:/freescale/cw mcu v10.5/cross_tools/arm-none-eabi-gcc-4_7_3/bin/../lib/gcc/arm-none-eabi/4.7.3/armv6-m\libgcc.a(_udivsi3.o)
 .ARM.attributes
                0x0000067a       0x1e e:/freescale/cw mcu v10.5/cross_tools/arm-none-eabi-gcc-4_7_3/bin/../lib/gcc/arm-none-eabi/4.7.3/armv6-m\libgcc.a(_dvmd_tls.o)
 .ARM.attributes
                0x00000698       0x1e e:/freescale/cw mcu v10.5/cross_tools/arm-none-eabi-gcc-4_7_3/bin/../lib/gcc/arm-none-eabi/4.7.3/armv6-m\libgcc.a(_arm_cmpsf2.o)
 .ARM.attributes
                0x000006b6       0x2c e:/freescale/cw mcu v10.5/cross_tools/arm-none-eabi-gcc-4_7_3/bin/../lib/gcc/arm-none-eabi/4.7.3/armv6-m\libgcc.a(_fixunssfsi.o)
 .ARM.attributes
                0x000006e2       0x2c e:/freescale/cw mcu v10.5/cross_tools/arm-none-eabi-gcc-4_7_3/bin/../lib/gcc/arm-none-eabi/4.7.3/armv6-m\libgcc.a(eqsf2.o)
 .ARM.attributes
                0x0000070e       0x2c e:/freescale/cw mcu v10.5/cross_tools/arm-none-eabi-gcc-4_7_3/bin/../lib/gcc/arm-none-eabi/4.7.3/armv6-m\libgcc.a(gesf2.o)
 .ARM.attributes
                0x0000073a       0x2c e:/freescale/cw mcu v10.5/cross_tools/arm-none-eabi-gcc-4_7_3/bin/../lib/gcc/arm-none-eabi/4.7.3/armv6-m\libgcc.a(lesf2.o)
 .ARM.attributes
                0x00000766       0x2c e:/freescale/cw mcu v10.5/cross_tools/arm-none-eabi-gcc-4_7_3/bin/../lib/gcc/arm-none-eabi/4.7.3/armv6-m\libgcc.a(mulsf3.o)
 .ARM.attributes
                0x00000792       0x2c e:/freescale/cw mcu v10.5/cross_tools/arm-none-eabi-gcc-4_7_3/bin/../lib/gcc/arm-none-eabi/4.7.3/armv6-m\libgcc.a(subsf3.o)
 .ARM.attributes
                0x000007be       0x2c e:/freescale/cw mcu v10.5/cross_tools/arm-none-eabi-gcc-4_7_3/bin/../lib/gcc/arm-none-eabi/4.7.3/armv6-m\libgcc.a(fixsfsi.o)
 .ARM.attributes
                0x000007ea       0x2c e:/freescale/cw mcu v10.5/cross_tools/arm-none-eabi-gcc-4_7_3/bin/../lib/gcc/arm-none-eabi/4.7.3/armv6-m\libgcc.a(floatsisf.o)
 .ARM.attributes
                0x00000816       0x1e e:/freescale/cw mcu v10.5/cross_tools/arm-none-eabi-gcc-4_7_3/bin/../lib/gcc/arm-none-eabi/4.7.3/armv6-m\libgcc.a(_clzsi2.o)
 .ARM.attributes
                0x00000834       0x31 E:/Freescale/CW MCU v10.5/MCU/ARM_GCC_Support/ewl/lib/armv6-m\librt.a(gcc_ctor_dtor.o)
 .ARM.attributes
                0x00000865       0x31 E:/Freescale/CW MCU v10.5/MCU/ARM_GCC_Support/ewl/lib/armv6-m\librt.a(ROMCopy.o)
 .ARM.attributes
                0x00000896       0x31 E:/Freescale/CW MCU v10.5/MCU/ARM_GCC_Support/ewl/lib/armv6-m\librt.a(__arm_eabi_init.o)
OUTPUT(NoAim3.elf elf32-littlearm)

.debug_info     0x00000000     0x63f4
 .debug_info    0x00000000      0x104 ./Generated_Code/Vectors.o
 .debug_info    0x00000104      0x6f5 ./Generated_Code/TU2.o
 .debug_info    0x000007f9      0x6ef ./Generated_Code/TU1.o
 .debug_info    0x00000ee8      0x2c7 ./Generated_Code/PwmLdd6.o
 .debug_info    0x000011af      0x2c7 ./Generated_Code/PwmLdd5.o
 .debug_info    0x00001476      0x2c7 ./Generated_Code/PwmLdd4.o
 .debug_info    0x0000173d      0x2c7 ./Generated_Code/PwmLdd3.o
 .debug_info    0x00001a04      0x2c7 ./Generated_Code/PwmLdd2.o
 .debug_info    0x00001ccb      0x2c7 ./Generated_Code/PwmLdd1.o
 .debug_info    0x00001f92      0x65a ./Generated_Code/PpgLdd1.o
 .debug_info    0x000025ec      0x24e ./Generated_Code/PE_LDD.o
 .debug_info    0x0000283a      0x13b ./Generated_Code/MainMotor.o
 .debug_info    0x00002975      0x8e1 ./Generated_Code/Cpu.o
 .debug_info    0x00003256      0x222 ./Generated_Code/Controller.o
 .debug_info    0x00003478      0x3c1 ./Generated_Code/BitIoLdd2.o
 .debug_info    0x00003839      0x3cf ./Generated_Code/BitIoLdd1.o
 .debug_info    0x00003c08      0x78b ./Generated_Code/ASerialLdd1.o
 .debug_info    0x00004393      0x12a ./Project_Settings/Startup_Code/__arm_start.o
 .debug_info    0x000044bd       0x54 ./Project_Settings/Startup_Code/__arm_end.o
 .debug_info    0x00004511      0x240 ./Sources/ProcessorExpert.o
 .debug_info    0x00004751       0x8b ./Sources/Events.o
 .debug_info    0x000047dc       0xe8 E:/Freescale/CW MCU v10.5/MCU/ARM_GCC_Support/ewl/lib/armv6-m\libc.a(exit.o)
 .debug_info    0x000048c4       0xec E:/Freescale/CW MCU v10.5/MCU/ARM_GCC_Support/ewl/lib/armv6-m\libc.a(memset.o)
 .debug_info    0x000049b0      0x50d E:/Freescale/CW MCU v10.5/MCU/ARM_GCC_Support/ewl/lib/armv6-m\libc.a(printformat_.o)
 .debug_info    0x00004ebd      0x568 E:/Freescale/CW MCU v10.5/MCU/ARM_GCC_Support/ewl/lib/armv6-m\libc.a(scanformat_.o)
 .debug_info    0x00005425      0x313 E:/Freescale/CW MCU v10.5/MCU/ARM_GCC_Support/ewl/lib/armv6-m\libc.a(ctype_aeabi.o)
 .debug_info    0x00005738      0x1d6 E:/Freescale/CW MCU v10.5/MCU/ARM_GCC_Support/ewl/lib/armv6-m\libc.a(__strtoul.o)
 .debug_info    0x0000590e      0x137 E:/Freescale/CW MCU v10.5/MCU/ARM_GCC_Support/ewl/lib/armv6-m\libc.a(__filll_mem.o)
 .debug_info    0x00005a45      0x121 E:/Freescale/CW MCU v10.5/MCU/ARM_GCC_Support/ewl/lib/armv6-m\libc.a(memchr.o)
 .debug_info    0x00005b66      0x10f E:/Freescale/CW MCU v10.5/MCU/ARM_GCC_Support/ewl/lib/armv6-m\libc.a(memcpy.o)
 .debug_info    0x00005c75      0x10b E:/Freescale/CW MCU v10.5/MCU/ARM_GCC_Support/ewl/lib/armv6-m\libc.a(strchr.o)
 .debug_info    0x00005d80       0xea E:/Freescale/CW MCU v10.5/MCU/ARM_GCC_Support/ewl/lib/armv6-m\libc.a(strlen.o)
 .debug_info    0x00005e6a      0x136 E:/Freescale/CW MCU v10.5/MCU/ARM_GCC_Support/ewl/lib/armv6-m\librt.a(gcc_ctor_dtor.o)
 .debug_info    0x00005fa0      0x19b E:/Freescale/CW MCU v10.5/MCU/ARM_GCC_Support/ewl/lib/armv6-m\librt.a(ROMCopy.o)
 .debug_info    0x0000613b      0x2b9 E:/Freescale/CW MCU v10.5/MCU/ARM_GCC_Support/ewl/lib/armv6-m\librt.a(__arm_eabi_init.o)

.debug_abbrev   0x00000000     0x208a
 .debug_abbrev  0x00000000       0xa3 ./Generated_Code/Vectors.o
 .debug_abbrev  0x000000a3      0x17e ./Generated_Code/TU2.o
 .debug_abbrev  0x00000221      0x17e ./Generated_Code/TU1.o
 .debug_abbrev  0x0000039f       0xfb ./Generated_Code/PwmLdd6.o
 .debug_abbrev  0x0000049a       0xfb ./Generated_Code/PwmLdd5.o
 .debug_abbrev  0x00000595       0xfb ./Generated_Code/PwmLdd4.o
 .debug_abbrev  0x00000690       0xfb ./Generated_Code/PwmLdd3.o
 .debug_abbrev  0x0000078b       0xfb ./Generated_Code/PwmLdd2.o
 .debug_abbrev  0x00000886       0xfb ./Generated_Code/PwmLdd1.o
 .debug_abbrev  0x00000981      0x15d ./Generated_Code/PpgLdd1.o
 .debug_abbrev  0x00000ade      0x102 ./Generated_Code/PE_LDD.o
 .debug_abbrev  0x00000be0       0x9f ./Generated_Code/MainMotor.o
 .debug_abbrev  0x00000c7f      0x122 ./Generated_Code/Cpu.o
 .debug_abbrev  0x00000da1      0x103 ./Generated_Code/Controller.o
 .debug_abbrev  0x00000ea4      0x12b ./Generated_Code/BitIoLdd2.o
 .debug_abbrev  0x00000fcf      0x12b ./Generated_Code/BitIoLdd1.o
 .debug_abbrev  0x000010fa      0x180 ./Generated_Code/ASerialLdd1.o
 .debug_abbrev  0x0000127a       0x92 ./Project_Settings/Startup_Code/__arm_start.o
 .debug_abbrev  0x0000130c       0x4c ./Project_Settings/Startup_Code/__arm_end.o
 .debug_abbrev  0x00001358       0xc7 ./Sources/ProcessorExpert.o
 .debug_abbrev  0x0000141f       0x3d ./Sources/Events.o
 .debug_abbrev  0x0000145c       0x7a E:/Freescale/CW MCU v10.5/MCU/ARM_GCC_Support/ewl/lib/armv6-m\libc.a(exit.o)
 .debug_abbrev  0x000014d6       0x62 E:/Freescale/CW MCU v10.5/MCU/ARM_GCC_Support/ewl/lib/armv6-m\libc.a(memset.o)
 .debug_abbrev  0x00001538      0x200 E:/Freescale/CW MCU v10.5/MCU/ARM_GCC_Support/ewl/lib/armv6-m\libc.a(printformat_.o)
 .debug_abbrev  0x00001738      0x1f0 E:/Freescale/CW MCU v10.5/MCU/ARM_GCC_Support/ewl/lib/armv6-m\libc.a(scanformat_.o)
 .debug_abbrev  0x00001928       0x9e E:/Freescale/CW MCU v10.5/MCU/ARM_GCC_Support/ewl/lib/armv6-m\libc.a(ctype_aeabi.o)
 .debug_abbrev  0x000019c6       0xc2 E:/Freescale/CW MCU v10.5/MCU/ARM_GCC_Support/ewl/lib/armv6-m\libc.a(__strtoul.o)
 .debug_abbrev  0x00001a88       0x78 E:/Freescale/CW MCU v10.5/MCU/ARM_GCC_Support/ewl/lib/armv6-m\libc.a(__filll_mem.o)
 .debug_abbrev  0x00001b00       0x95 E:/Freescale/CW MCU v10.5/MCU/ARM_GCC_Support/ewl/lib/armv6-m\libc.a(memchr.o)
 .debug_abbrev  0x00001b95       0x95 E:/Freescale/CW MCU v10.5/MCU/ARM_GCC_Support/ewl/lib/armv6-m\libc.a(memcpy.o)
 .debug_abbrev  0x00001c2a       0x7a E:/Freescale/CW MCU v10.5/MCU/ARM_GCC_Support/ewl/lib/armv6-m\libc.a(strchr.o)
 .debug_abbrev  0x00001ca4       0x7a E:/Freescale/CW MCU v10.5/MCU/ARM_GCC_Support/ewl/lib/armv6-m\libc.a(strlen.o)
 .debug_abbrev  0x00001d1e       0x99 E:/Freescale/CW MCU v10.5/MCU/ARM_GCC_Support/ewl/lib/armv6-m\librt.a(gcc_ctor_dtor.o)
 .debug_abbrev  0x00001db7      0x120 E:/Freescale/CW MCU v10.5/MCU/ARM_GCC_Support/ewl/lib/armv6-m\librt.a(ROMCopy.o)
 .debug_abbrev  0x00001ed7      0x1b3 E:/Freescale/CW MCU v10.5/MCU/ARM_GCC_Support/ewl/lib/armv6-m\librt.a(__arm_eabi_init.o)

.debug_aranges  0x00000000      0x7b0
 .debug_aranges
                0x00000000       0x18 ./Generated_Code/Vectors.o
 .debug_aranges
                0x00000018       0x48 ./Generated_Code/TU2.o
 .debug_aranges
                0x00000060       0x48 ./Generated_Code/TU1.o
 .debug_aranges
                0x000000a8       0x40 ./Generated_Code/PwmLdd6.o
 .debug_aranges
                0x000000e8       0x40 ./Generated_Code/PwmLdd5.o
 .debug_aranges
                0x00000128       0x40 ./Generated_Code/PwmLdd4.o
 .debug_aranges
                0x00000168       0x40 ./Generated_Code/PwmLdd3.o
 .debug_aranges
                0x000001a8       0x40 ./Generated_Code/PwmLdd2.o
 .debug_aranges
                0x000001e8       0x40 ./Generated_Code/PwmLdd1.o
 .debug_aranges
                0x00000228       0x40 ./Generated_Code/PpgLdd1.o
 .debug_aranges
                0x00000268       0x30 ./Generated_Code/PE_LDD.o
 .debug_aranges
                0x00000298       0x28 ./Generated_Code/MainMotor.o
 .debug_aranges
                0x000002c0       0x38 ./Generated_Code/Cpu.o
 .debug_aranges
                0x000002f8       0x50 ./Generated_Code/Controller.o
 .debug_aranges
                0x00000348       0x48 ./Generated_Code/BitIoLdd2.o
 .debug_aranges
                0x00000390       0x48 ./Generated_Code/BitIoLdd1.o
 .debug_aranges
                0x000003d8       0x60 ./Generated_Code/ASerialLdd1.o
 .debug_aranges
                0x00000438       0x30 ./Project_Settings/Startup_Code/__arm_start.o
 .debug_aranges
                0x00000468       0x20 ./Project_Settings/Startup_Code/__arm_end.o
 .debug_aranges
                0x00000488       0x88 ./Sources/ProcessorExpert.o
 .debug_aranges
                0x00000510       0x20 ./Sources/Events.o
 .debug_aranges
                0x00000530       0x20 E:/Freescale/CW MCU v10.5/MCU/ARM_GCC_Support/ewl/lib/armv6-m\libc.a(exit.o)
 .debug_aranges
                0x00000550       0x20 E:/Freescale/CW MCU v10.5/MCU/ARM_GCC_Support/ewl/lib/armv6-m\libc.a(memset.o)
 .debug_aranges
                0x00000570       0x28 E:/Freescale/CW MCU v10.5/MCU/ARM_GCC_Support/ewl/lib/armv6-m\libc.a(printformat_.o)
 .debug_aranges
                0x00000598       0x20 E:/Freescale/CW MCU v10.5/MCU/ARM_GCC_Support/ewl/lib/armv6-m\libc.a(scanformat_.o)
 .debug_aranges
                0x000005b8       0x88 E:/Freescale/CW MCU v10.5/MCU/ARM_GCC_Support/ewl/lib/armv6-m\libc.a(ctype_aeabi.o)
 .debug_aranges
                0x00000640       0x20 E:/Freescale/CW MCU v10.5/MCU/ARM_GCC_Support/ewl/lib/armv6-m\libc.a(__strtoul.o)
 .debug_aranges
                0x00000660       0x20 E:/Freescale/CW MCU v10.5/MCU/ARM_GCC_Support/ewl/lib/armv6-m\libc.a(__filll_mem.o)
 .debug_aranges
                0x00000680       0x20 E:/Freescale/CW MCU v10.5/MCU/ARM_GCC_Support/ewl/lib/armv6-m\libc.a(memchr.o)
 .debug_aranges
                0x000006a0       0x20 E:/Freescale/CW MCU v10.5/MCU/ARM_GCC_Support/ewl/lib/armv6-m\libc.a(memcpy.o)
 .debug_aranges
                0x000006c0       0x20 E:/Freescale/CW MCU v10.5/MCU/ARM_GCC_Support/ewl/lib/armv6-m\libc.a(strchr.o)
 .debug_aranges
                0x000006e0       0x20 E:/Freescale/CW MCU v10.5/MCU/ARM_GCC_Support/ewl/lib/armv6-m\libc.a(strlen.o)
 .debug_aranges
                0x00000700       0x28 E:/Freescale/CW MCU v10.5/MCU/ARM_GCC_Support/ewl/lib/armv6-m\librt.a(gcc_ctor_dtor.o)
 .debug_aranges
                0x00000728       0x30 E:/Freescale/CW MCU v10.5/MCU/ARM_GCC_Support/ewl/lib/armv6-m\librt.a(ROMCopy.o)
 .debug_aranges
                0x00000758       0x58 E:/Freescale/CW MCU v10.5/MCU/ARM_GCC_Support/ewl/lib/armv6-m\librt.a(__arm_eabi_init.o)

.debug_macinfo  0x00000000   0x3a8c69
 .debug_macinfo
                0x00000000    0x33aed ./Generated_Code/Vectors.o
 .debug_macinfo
                0x00033aed    0x2fcdc ./Generated_Code/TU2.o
 .debug_macinfo
                0x000637c9    0x2fbff ./Generated_Code/TU1.o
 .debug_macinfo
                0x000933c8    0x2fd2d ./Generated_Code/PwmLdd6.o
 .debug_macinfo
                0x000c30f5    0x2fdb4 ./Generated_Code/PwmLdd5.o
 .debug_macinfo
                0x000f2ea9    0x2fdb4 ./Generated_Code/PwmLdd4.o
 .debug_macinfo
                0x00122c5d    0x2fdb4 ./Generated_Code/PwmLdd3.o
 .debug_macinfo
                0x00152a11    0x2fdb4 ./Generated_Code/PwmLdd2.o
 .debug_macinfo
                0x001827c5    0x2fdb4 ./Generated_Code/PwmLdd1.o
 .debug_macinfo
                0x001b2579    0x2fb2e ./Generated_Code/PpgLdd1.o
 .debug_macinfo
                0x001e20a7    0x33982 ./Generated_Code/PE_LDD.o
 .debug_macinfo
                0x00215a29    0x2fbc3 ./Generated_Code/MainMotor.o
 .debug_macinfo
                0x002455ec    0x33af1 ./Generated_Code/Cpu.o
 .debug_macinfo
                0x002790dd    0x2e0fb ./Generated_Code/Controller.o
 .debug_macinfo
                0x002a71d8    0x2edbd ./Generated_Code/BitIoLdd2.o
 .debug_macinfo
                0x002d5f95    0x2edb7 ./Generated_Code/BitIoLdd1.o
 .debug_macinfo
                0x00304d4c    0x354f4 ./Generated_Code/ASerialLdd1.o
 .debug_macinfo
                0x0033a240     0x3e6d ./Project_Settings/Startup_Code/__arm_start.o
 .debug_macinfo
                0x0033e0ad     0x3456 ./Project_Settings/Startup_Code/__arm_end.o
 .debug_macinfo
                0x00341503    0x33bb5 ./Sources/ProcessorExpert.o
 .debug_macinfo
                0x003750b8    0x33bb1 ./Sources/Events.o

.debug_line     0x00000000     0x503f
 .debug_line    0x00000000      0x540 ./Generated_Code/Vectors.o
 .debug_line    0x00000540      0x2db ./Generated_Code/TU2.o
 .debug_line    0x0000081b      0x2c9 ./Generated_Code/TU1.o
 .debug_line    0x00000ae4      0x29f ./Generated_Code/PwmLdd6.o
 .debug_line    0x00000d83      0x29f ./Generated_Code/PwmLdd5.o
 .debug_line    0x00001022      0x29f ./Generated_Code/PwmLdd4.o
 .debug_line    0x000012c1      0x29f ./Generated_Code/PwmLdd3.o
 .debug_line    0x00001560      0x29f ./Generated_Code/PwmLdd2.o
 .debug_line    0x000017ff      0x29f ./Generated_Code/PwmLdd1.o
 .debug_line    0x00001a9e      0x29a ./Generated_Code/PpgLdd1.o
 .debug_line    0x00001d38      0x3ad ./Generated_Code/PE_LDD.o
 .debug_line    0x000020e5      0x256 ./Generated_Code/MainMotor.o
 .debug_line    0x0000233b      0x5be ./Generated_Code/Cpu.o
 .debug_line    0x000028f9      0x267 ./Generated_Code/Controller.o
 .debug_line    0x00002b60      0x294 ./Generated_Code/BitIoLdd2.o
 .debug_line    0x00002df4      0x299 ./Generated_Code/BitIoLdd1.o
 .debug_line    0x0000308d      0x328 ./Generated_Code/ASerialLdd1.o
 .debug_line    0x000033b5      0x28e ./Project_Settings/Startup_Code/__arm_start.o
 .debug_line    0x00003643      0x266 ./Project_Settings/Startup_Code/__arm_end.o
 .debug_line    0x000038a9      0x504 ./Sources/ProcessorExpert.o
 .debug_line    0x00003dad      0x3b6 ./Sources/Events.o
 .debug_line    0x00004163       0x8d E:/Freescale/CW MCU v10.5/MCU/ARM_GCC_Support/ewl/lib/armv6-m\libc.a(exit.o)
 .debug_line    0x000041f0       0x90 E:/Freescale/CW MCU v10.5/MCU/ARM_GCC_Support/ewl/lib/armv6-m\libc.a(memset.o)
 .debug_line    0x00004280      0x2c3 E:/Freescale/CW MCU v10.5/MCU/ARM_GCC_Support/ewl/lib/armv6-m\libc.a(printformat_.o)
 .debug_line    0x00004543      0x2be E:/Freescale/CW MCU v10.5/MCU/ARM_GCC_Support/ewl/lib/armv6-m\libc.a(scanformat_.o)
 .debug_line    0x00004801      0x1be E:/Freescale/CW MCU v10.5/MCU/ARM_GCC_Support/ewl/lib/armv6-m\libc.a(ctype_aeabi.o)
 .debug_line    0x000049bf      0x11e E:/Freescale/CW MCU v10.5/MCU/ARM_GCC_Support/ewl/lib/armv6-m\libc.a(__strtoul.o)
 .debug_line    0x00004add       0xf6 E:/Freescale/CW MCU v10.5/MCU/ARM_GCC_Support/ewl/lib/armv6-m\libc.a(__filll_mem.o)
 .debug_line    0x00004bd3       0x9f E:/Freescale/CW MCU v10.5/MCU/ARM_GCC_Support/ewl/lib/armv6-m\libc.a(memchr.o)
 .debug_line    0x00004c72       0x8b E:/Freescale/CW MCU v10.5/MCU/ARM_GCC_Support/ewl/lib/armv6-m\libc.a(memcpy.o)
 .debug_line    0x00004cfd       0x7d E:/Freescale/CW MCU v10.5/MCU/ARM_GCC_Support/ewl/lib/armv6-m\libc.a(strchr.o)
 .debug_line    0x00004d7a       0x85 E:/Freescale/CW MCU v10.5/MCU/ARM_GCC_Support/ewl/lib/armv6-m\libc.a(strlen.o)
 .debug_line    0x00004dff       0x6c E:/Freescale/CW MCU v10.5/MCU/ARM_GCC_Support/ewl/lib/armv6-m\librt.a(gcc_ctor_dtor.o)
 .debug_line    0x00004e6b       0xbd E:/Freescale/CW MCU v10.5/MCU/ARM_GCC_Support/ewl/lib/armv6-m\librt.a(ROMCopy.o)
 .debug_line    0x00004f28      0x117 E:/Freescale/CW MCU v10.5/MCU/ARM_GCC_Support/ewl/lib/armv6-m\librt.a(__arm_eabi_init.o)

.debug_str      0x00000000     0x1aed
 .debug_str     0x00000000      0x12d ./Generated_Code/Vectors.o
                                0x15f (size before relaxing)
 .debug_str     0x0000012d      0x326 ./Generated_Code/TU2.o
                                0x444 (size before relaxing)
 .debug_str     0x00000453       0xb7 ./Generated_Code/TU1.o
                                0x444 (size before relaxing)
 .debug_str     0x0000050a       0xd4 ./Generated_Code/PwmLdd6.o
                                0x276 (size before relaxing)
 .debug_str     0x000005de       0x74 ./Generated_Code/PwmLdd5.o
                                0x276 (size before relaxing)
 .debug_str     0x00000652       0x74 ./Generated_Code/PwmLdd4.o
                                0x276 (size before relaxing)
 .debug_str     0x000006c6       0x74 ./Generated_Code/PwmLdd3.o
                                0x276 (size before relaxing)
 .debug_str     0x0000073a       0x74 ./Generated_Code/PwmLdd2.o
                                0x276 (size before relaxing)
 .debug_str     0x000007ae       0x74 ./Generated_Code/PwmLdd1.o
                                0x276 (size before relaxing)
 .debug_str     0x00000822       0x83 ./Generated_Code/PpgLdd1.o
                                0x39d (size before relaxing)
 .debug_str     0x000008a5      0x172 ./Generated_Code/PE_LDD.o
                                0x2c2 (size before relaxing)
 .debug_str     0x00000a17       0x50 ./Generated_Code/MainMotor.o
                                0x190 (size before relaxing)
 .debug_str     0x00000a67      0x1bb ./Generated_Code/Cpu.o
                                0x40e (size before relaxing)
 .debug_str     0x00000c22      0x12d ./Generated_Code/Controller.o
                                0x26b (size before relaxing)
 .debug_str     0x00000d4f       0xf5 ./Generated_Code/BitIoLdd2.o
                                0x2dc (size before relaxing)
 .debug_str     0x00000e44       0xb1 ./Generated_Code/BitIoLdd1.o
                                0x2dc (size before relaxing)
 .debug_str     0x00000ef5      0x1b7 ./Generated_Code/ASerialLdd1.o
                                0x496 (size before relaxing)
 .debug_str     0x000010ac       0x85 ./Project_Settings/Startup_Code/__arm_start.o
                                0x18d (size before relaxing)
 .debug_str     0x00001131       0x41 ./Project_Settings/Startup_Code/__arm_end.o
                                 0xc4 (size before relaxing)
 .debug_str     0x00001172       0xe1 ./Sources/ProcessorExpert.o
                                0x211 (size before relaxing)
 .debug_str     0x00001253       0x21 ./Sources/Events.o
                                0x122 (size before relaxing)
 .debug_str     0x00001274       0x54 E:/Freescale/CW MCU v10.5/MCU/ARM_GCC_Support/ewl/lib/armv6-m\libc.a(exit.o)
                                0x157 (size before relaxing)
 .debug_str     0x000012c8       0x23 E:/Freescale/CW MCU v10.5/MCU/ARM_GCC_Support/ewl/lib/armv6-m\libc.a(memset.o)
                                0x140 (size before relaxing)
 .debug_str     0x000012eb      0x23b E:/Freescale/CW MCU v10.5/MCU/ARM_GCC_Support/ewl/lib/armv6-m\libc.a(printformat_.o)
                                0x3b3 (size before relaxing)
 .debug_str     0x00001526      0x184 E:/Freescale/CW MCU v10.5/MCU/ARM_GCC_Support/ewl/lib/armv6-m\libc.a(scanformat_.o)
                                0x3f9 (size before relaxing)
 .debug_str     0x000016aa       0x9d E:/Freescale/CW MCU v10.5/MCU/ARM_GCC_Support/ewl/lib/armv6-m\libc.a(ctype_aeabi.o)
                                0x1bc (size before relaxing)
 .debug_str     0x00001747       0x61 E:/Freescale/CW MCU v10.5/MCU/ARM_GCC_Support/ewl/lib/armv6-m\libc.a(__strtoul.o)
                                0x1fb (size before relaxing)
 .debug_str     0x000017a8       0x25 E:/Freescale/CW MCU v10.5/MCU/ARM_GCC_Support/ewl/lib/armv6-m\libc.a(__filll_mem.o)
                                0x152 (size before relaxing)
 .debug_str     0x000017cd       0x1c E:/Freescale/CW MCU v10.5/MCU/ARM_GCC_Support/ewl/lib/armv6-m\libc.a(memchr.o)
                                0x148 (size before relaxing)
 .debug_str     0x000017e9       0x1c E:/Freescale/CW MCU v10.5/MCU/ARM_GCC_Support/ewl/lib/armv6-m\libc.a(memcpy.o)
                                0x138 (size before relaxing)
 .debug_str     0x00001805       0x1c E:/Freescale/CW MCU v10.5/MCU/ARM_GCC_Support/ewl/lib/armv6-m\libc.a(strchr.o)
                                0x137 (size before relaxing)
 .debug_str     0x00001821       0x1c E:/Freescale/CW MCU v10.5/MCU/ARM_GCC_Support/ewl/lib/armv6-m\libc.a(strlen.o)
                                0x140 (size before relaxing)
 .debug_str     0x0000183d      0x126 E:/Freescale/CW MCU v10.5/MCU/ARM_GCC_Support/ewl/lib/armv6-m\librt.a(gcc_ctor_dtor.o)
                                0x181 (size before relaxing)
 .debug_str     0x00001963       0x9c E:/Freescale/CW MCU v10.5/MCU/ARM_GCC_Support/ewl/lib/armv6-m\librt.a(ROMCopy.o)
                                0x13c (size before relaxing)
 .debug_str     0x000019ff       0xee E:/Freescale/CW MCU v10.5/MCU/ARM_GCC_Support/ewl/lib/armv6-m\librt.a(__arm_eabi_init.o)
                                0x1b5 (size before relaxing)

.comment        0x00000000       0x79
 .comment       0x00000000       0x79 ./Generated_Code/Vectors.o
                                 0x7a (size before relaxing)
 .comment       0x00000000       0x7a ./Generated_Code/TU2.o
 .comment       0x00000000       0x7a ./Generated_Code/TU1.o
 .comment       0x00000000       0x7a ./Generated_Code/PwmLdd6.o
 .comment       0x00000000       0x7a ./Generated_Code/PwmLdd5.o
 .comment       0x00000000       0x7a ./Generated_Code/PwmLdd4.o
 .comment       0x00000000       0x7a ./Generated_Code/PwmLdd3.o
 .comment       0x00000000       0x7a ./Generated_Code/PwmLdd2.o
 .comment       0x00000000       0x7a ./Generated_Code/PwmLdd1.o
 .comment       0x00000000       0x7a ./Generated_Code/PpgLdd1.o
 .comment       0x00000000       0x7a ./Generated_Code/PE_LDD.o
 .comment       0x00000000       0x7a ./Generated_Code/MainMotor.o
 .comment       0x00000000       0x7a ./Generated_Code/Cpu.o
 .comment       0x00000000       0x7a ./Generated_Code/Controller.o
 .comment       0x00000000       0x7a ./Generated_Code/BitIoLdd2.o
 .comment       0x00000000       0x7a ./Generated_Code/BitIoLdd1.o
 .comment       0x00000000       0x7a ./Generated_Code/ASerialLdd1.o
 .comment       0x00000000       0x7a ./Project_Settings/Startup_Code/__arm_start.o
 .comment       0x00000000       0x7a ./Project_Settings/Startup_Code/__arm_end.o
 .comment       0x00000000       0x7a ./Sources/ProcessorExpert.o
 .comment       0x00000000       0x7a ./Sources/Events.o
 .comment       0x00000000       0x7a E:/Freescale/CW MCU v10.5/MCU/ARM_GCC_Support/ewl/lib/armv6-m\libc.a(exit.o)
 .comment       0x00000000       0x7a E:/Freescale/CW MCU v10.5/MCU/ARM_GCC_Support/ewl/lib/armv6-m\libc.a(memset.o)
 .comment       0x00000000       0x7a E:/Freescale/CW MCU v10.5/MCU/ARM_GCC_Support/ewl/lib/armv6-m\libc.a(printformat_.o)
 .comment       0x00000000       0x7a E:/Freescale/CW MCU v10.5/MCU/ARM_GCC_Support/ewl/lib/armv6-m\libc.a(scanformat_.o)
 .comment       0x00000000       0x7a E:/Freescale/CW MCU v10.5/MCU/ARM_GCC_Support/ewl/lib/armv6-m\libc.a(ctype_aeabi.o)
 .comment       0x00000000       0x7a E:/Freescale/CW MCU v10.5/MCU/ARM_GCC_Support/ewl/lib/armv6-m\libc.a(__strtoul.o)
 .comment       0x00000000       0x7a E:/Freescale/CW MCU v10.5/MCU/ARM_GCC_Support/ewl/lib/armv6-m\libc.a(__filll_mem.o)
 .comment       0x00000000       0x7a E:/Freescale/CW MCU v10.5/MCU/ARM_GCC_Support/ewl/lib/armv6-m\libc.a(memchr.o)
 .comment       0x00000000       0x7a E:/Freescale/CW MCU v10.5/MCU/ARM_GCC_Support/ewl/lib/armv6-m\libc.a(memcpy.o)
 .comment       0x00000000       0x7a E:/Freescale/CW MCU v10.5/MCU/ARM_GCC_Support/ewl/lib/armv6-m\libc.a(strchr.o)
 .comment       0x00000000       0x7a E:/Freescale/CW MCU v10.5/MCU/ARM_GCC_Support/ewl/lib/armv6-m\libc.a(strlen.o)
 .comment       0x00000000       0x7a E:/Freescale/CW MCU v10.5/MCU/ARM_GCC_Support/ewl/lib/armv6-m\librt.a(gcc_ctor_dtor.o)
 .comment       0x00000000       0x7a E:/Freescale/CW MCU v10.5/MCU/ARM_GCC_Support/ewl/lib/armv6-m\librt.a(ROMCopy.o)
 .comment       0x00000000       0x7a E:/Freescale/CW MCU v10.5/MCU/ARM_GCC_Support/ewl/lib/armv6-m\librt.a(__arm_eabi_init.o)

.debug_loc      0x00000000     0x3bef
 .debug_loc     0x00000000      0x150 ./Generated_Code/TU2.o
 .debug_loc     0x00000150      0x150 ./Generated_Code/TU1.o
 .debug_loc     0x000002a0      0x118 ./Generated_Code/PwmLdd6.o
 .debug_loc     0x000003b8      0x118 ./Generated_Code/PwmLdd5.o
 .debug_loc     0x000004d0      0x118 ./Generated_Code/PwmLdd4.o
 .debug_loc     0x000005e8      0x118 ./Generated_Code/PwmLdd3.o
 .debug_loc     0x00000700      0x118 ./Generated_Code/PwmLdd2.o
 .debug_loc     0x00000818      0x118 ./Generated_Code/PwmLdd1.o
 .debug_loc     0x00000930      0x118 ./Generated_Code/PpgLdd1.o
 .debug_loc     0x00000a48       0x9c ./Generated_Code/PE_LDD.o
 .debug_loc     0x00000ae4       0x70 ./Generated_Code/MainMotor.o
 .debug_loc     0x00000b54       0xb0 ./Generated_Code/Cpu.o
 .debug_loc     0x00000c04      0x158 ./Generated_Code/Controller.o
 .debug_loc     0x00000d5c      0x150 ./Generated_Code/BitIoLdd2.o
 .debug_loc     0x00000eac      0x150 ./Generated_Code/BitIoLdd1.o
 .debug_loc     0x00000ffc      0x204 ./Generated_Code/ASerialLdd1.o
 .debug_loc     0x00001200       0x2c ./Project_Settings/Startup_Code/__arm_start.o
 .debug_loc     0x0000122c       0x38 ./Project_Settings/Startup_Code/__arm_end.o
 .debug_loc     0x00001264      0x274 ./Sources/ProcessorExpert.o
 .debug_loc     0x000014d8       0x2c ./Sources/Events.o
 .debug_loc     0x00001504       0x3e E:/Freescale/CW MCU v10.5/MCU/ARM_GCC_Support/ewl/lib/armv6-m\libc.a(exit.o)
 .debug_loc     0x00001542       0x6f E:/Freescale/CW MCU v10.5/MCU/ARM_GCC_Support/ewl/lib/armv6-m\libc.a(memset.o)
 .debug_loc     0x000015b1     0x104b E:/Freescale/CW MCU v10.5/MCU/ARM_GCC_Support/ewl/lib/armv6-m\libc.a(printformat_.o)
 .debug_loc     0x000025fc      0x9d8 E:/Freescale/CW MCU v10.5/MCU/ARM_GCC_Support/ewl/lib/armv6-m\libc.a(scanformat_.o)
 .debug_loc     0x00002fd4      0x30d E:/Freescale/CW MCU v10.5/MCU/ARM_GCC_Support/ewl/lib/armv6-m\libc.a(ctype_aeabi.o)
 .debug_loc     0x000032e1      0x305 E:/Freescale/CW MCU v10.5/MCU/ARM_GCC_Support/ewl/lib/armv6-m\libc.a(__strtoul.o)
 .debug_loc     0x000035e6      0x14a E:/Freescale/CW MCU v10.5/MCU/ARM_GCC_Support/ewl/lib/armv6-m\libc.a(__filll_mem.o)
 .debug_loc     0x00003730       0x77 E:/Freescale/CW MCU v10.5/MCU/ARM_GCC_Support/ewl/lib/armv6-m\libc.a(memchr.o)
 .debug_loc     0x000037a7       0x59 E:/Freescale/CW MCU v10.5/MCU/ARM_GCC_Support/ewl/lib/armv6-m\libc.a(memcpy.o)
 .debug_loc     0x00003800       0xaf E:/Freescale/CW MCU v10.5/MCU/ARM_GCC_Support/ewl/lib/armv6-m\libc.a(strchr.o)
 .debug_loc     0x000038af       0x33 E:/Freescale/CW MCU v10.5/MCU/ARM_GCC_Support/ewl/lib/armv6-m\libc.a(strlen.o)
 .debug_loc     0x000038e2       0x9d E:/Freescale/CW MCU v10.5/MCU/ARM_GCC_Support/ewl/lib/armv6-m\librt.a(gcc_ctor_dtor.o)
 .debug_loc     0x0000397f       0xd9 E:/Freescale/CW MCU v10.5/MCU/ARM_GCC_Support/ewl/lib/armv6-m\librt.a(ROMCopy.o)
 .debug_loc     0x00003a58      0x197 E:/Freescale/CW MCU v10.5/MCU/ARM_GCC_Support/ewl/lib/armv6-m\librt.a(__arm_eabi_init.o)

.debug_frame    0x00000000     0x13bc
 .debug_frame   0x00000000       0xd0 ./Generated_Code/TU2.o
 .debug_frame   0x000000d0       0xd0 ./Generated_Code/TU1.o
 .debug_frame   0x000001a0       0xb0 ./Generated_Code/PwmLdd6.o
 .debug_frame   0x00000250       0xb0 ./Generated_Code/PwmLdd5.o
 .debug_frame   0x00000300       0xb0 ./Generated_Code/PwmLdd4.o
 .debug_frame   0x000003b0       0xb0 ./Generated_Code/PwmLdd3.o
 .debug_frame   0x00000460       0xb0 ./Generated_Code/PwmLdd2.o
 .debug_frame   0x00000510       0xb0 ./Generated_Code/PwmLdd1.o
 .debug_frame   0x000005c0       0xb0 ./Generated_Code/PpgLdd1.o
 .debug_frame   0x00000670       0x6c ./Generated_Code/PE_LDD.o
 .debug_frame   0x000006dc       0x50 ./Generated_Code/MainMotor.o
 .debug_frame   0x0000072c       0x80 ./Generated_Code/Cpu.o
 .debug_frame   0x000007ac       0xe0 ./Generated_Code/Controller.o
 .debug_frame   0x0000088c       0xd0 ./Generated_Code/BitIoLdd2.o
 .debug_frame   0x0000095c       0xd0 ./Generated_Code/BitIoLdd1.o
 .debug_frame   0x00000a2c      0x138 ./Generated_Code/ASerialLdd1.o
 .debug_frame   0x00000b64       0x4c ./Project_Settings/Startup_Code/__arm_start.o
 .debug_frame   0x00000bb0       0x30 ./Project_Settings/Startup_Code/__arm_end.o
 .debug_frame   0x00000be0      0x19c ./Sources/ProcessorExpert.o
 .debug_frame   0x00000d7c       0x2c ./Sources/Events.o
 .debug_frame   0x00000da8       0x2c E:/Freescale/CW MCU v10.5/MCU/ARM_GCC_Support/ewl/lib/armv6-m\libc.a(exit.o)
 .debug_frame   0x00000dd4       0x28 E:/Freescale/CW MCU v10.5/MCU/ARM_GCC_Support/ewl/lib/armv6-m\libc.a(memset.o)
 .debug_frame   0x00000dfc       0x54 E:/Freescale/CW MCU v10.5/MCU/ARM_GCC_Support/ewl/lib/armv6-m\libc.a(printformat_.o)
 .debug_frame   0x00000e50       0x34 E:/Freescale/CW MCU v10.5/MCU/ARM_GCC_Support/ewl/lib/armv6-m\libc.a(scanformat_.o)
 .debug_frame   0x00000e84      0x158 E:/Freescale/CW MCU v10.5/MCU/ARM_GCC_Support/ewl/lib/armv6-m\libc.a(ctype_aeabi.o)
 .debug_frame   0x00000fdc       0x30 E:/Freescale/CW MCU v10.5/MCU/ARM_GCC_Support/ewl/lib/armv6-m\libc.a(__strtoul.o)
 .debug_frame   0x0000100c       0x2c E:/Freescale/CW MCU v10.5/MCU/ARM_GCC_Support/ewl/lib/armv6-m\libc.a(__filll_mem.o)
 .debug_frame   0x00001038       0x28 E:/Freescale/CW MCU v10.5/MCU/ARM_GCC_Support/ewl/lib/armv6-m\libc.a(memchr.o)
 .debug_frame   0x00001060       0x28 E:/Freescale/CW MCU v10.5/MCU/ARM_GCC_Support/ewl/lib/armv6-m\libc.a(memcpy.o)
 .debug_frame   0x00001088       0x28 E:/Freescale/CW MCU v10.5/MCU/ARM_GCC_Support/ewl/lib/armv6-m\libc.a(strchr.o)
 .debug_frame   0x000010b0       0x28 E:/Freescale/CW MCU v10.5/MCU/ARM_GCC_Support/ewl/lib/armv6-m\libc.a(strlen.o)
 .debug_frame   0x000010d8       0x20 e:/freescale/cw mcu v10.5/cross_tools/arm-none-eabi-gcc-4_7_3/bin/../lib/gcc/arm-none-eabi/4.7.3/armv6-m\libgcc.a(_udivsi3.o)
 .debug_frame   0x000010f8       0x28 e:/freescale/cw mcu v10.5/cross_tools/arm-none-eabi-gcc-4_7_3/bin/../lib/gcc/arm-none-eabi/4.7.3/armv6-m\libgcc.a(_fixunssfsi.o)
 .debug_frame   0x00001120       0x2c e:/freescale/cw mcu v10.5/cross_tools/arm-none-eabi-gcc-4_7_3/bin/../lib/gcc/arm-none-eabi/4.7.3/armv6-m\libgcc.a(eqsf2.o)
 .debug_frame   0x0000114c       0x30 e:/freescale/cw mcu v10.5/cross_tools/arm-none-eabi-gcc-4_7_3/bin/../lib/gcc/arm-none-eabi/4.7.3/armv6-m\libgcc.a(gesf2.o)
 .debug_frame   0x0000117c       0x30 e:/freescale/cw mcu v10.5/cross_tools/arm-none-eabi-gcc-4_7_3/bin/../lib/gcc/arm-none-eabi/4.7.3/armv6-m\libgcc.a(lesf2.o)
 .debug_frame   0x000011ac       0x3c e:/freescale/cw mcu v10.5/cross_tools/arm-none-eabi-gcc-4_7_3/bin/../lib/gcc/arm-none-eabi/4.7.3/armv6-m\libgcc.a(mulsf3.o)
 .debug_frame   0x000011e8       0x30 e:/freescale/cw mcu v10.5/cross_tools/arm-none-eabi-gcc-4_7_3/bin/../lib/gcc/arm-none-eabi/4.7.3/armv6-m\libgcc.a(subsf3.o)
 .debug_frame   0x00001218       0x28 e:/freescale/cw mcu v10.5/cross_tools/arm-none-eabi-gcc-4_7_3/bin/../lib/gcc/arm-none-eabi/4.7.3/armv6-m\libgcc.a(fixsfsi.o)
 .debug_frame   0x00001240       0x2c e:/freescale/cw mcu v10.5/cross_tools/arm-none-eabi-gcc-4_7_3/bin/../lib/gcc/arm-none-eabi/4.7.3/armv6-m\libgcc.a(floatsisf.o)
 .debug_frame   0x0000126c       0x40 E:/Freescale/CW MCU v10.5/MCU/ARM_GCC_Support/ewl/lib/armv6-m\librt.a(gcc_ctor_dtor.o)
 .debug_frame   0x000012ac       0x54 E:/Freescale/CW MCU v10.5/MCU/ARM_GCC_Support/ewl/lib/armv6-m\librt.a(ROMCopy.o)
 .debug_frame   0x00001300       0xbc E:/Freescale/CW MCU v10.5/MCU/ARM_GCC_Support/ewl/lib/armv6-m\librt.a(__arm_eabi_init.o)
